2025-01-14 14:54:50,201 INFO o.a.j.u.JMeterUtils: Setting Locale to en_EN
2025-01-14 14:54:50,231 INFO o.a.j.JMeter: Loading user properties from: /opt/jmeter/bin/user.properties
2025-01-14 14:54:50,231 INFO o.a.j.JMeter: Loading system properties from: /opt/jmeter/bin/system.properties
2025-01-14 14:54:50,239 INFO o.a.j.JMeter: Copyright (c) 1998-2024 The Apache Software Foundation
2025-01-14 14:54:50,239 INFO o.a.j.JMeter: Version 5.6.3
2025-01-14 14:54:50,239 INFO o.a.j.JMeter: java.version=21.0.5
2025-01-14 14:54:50,240 INFO o.a.j.JMeter: java.vm.name=OpenJDK 64-Bit Server VM
2025-01-14 14:54:50,240 INFO o.a.j.JMeter: os.name=Linux
2025-01-14 14:54:50,240 INFO o.a.j.JMeter: os.arch=amd64
2025-01-14 14:54:50,240 INFO o.a.j.JMeter: os.version=6.8.0-51-generic
2025-01-14 14:54:50,240 INFO o.a.j.JMeter: file.encoding=UTF-8
2025-01-14 14:54:50,240 INFO o.a.j.JMeter: java.awt.headless=null
2025-01-14 14:54:50,240 INFO o.a.j.JMeter: Max memory     =1073741824
2025-01-14 14:54:50,240 INFO o.a.j.JMeter: Available Processors =12
2025-01-14 14:54:50,255 INFO o.a.j.JMeter: Default Locale=English (EN)
2025-01-14 14:54:50,255 INFO o.a.j.JMeter: JMeter  Locale=English (EN)
2025-01-14 14:54:50,255 INFO o.a.j.JMeter: JMeterHome=/opt/jmeter
2025-01-14 14:54:50,255 INFO o.a.j.JMeter: user.dir  =/home/evgen/Git_Project/Python_projects/FastAPI
2025-01-14 14:54:50,255 INFO o.a.j.JMeter: PWD       =/home/evgen/Git_Project/Python_projects/FastAPI
2025-01-14 14:54:50,256 INFO o.a.j.JMeter: IP: 127.0.1.1 Name: evgendesktop FullName: evgendesktop
2025-01-14 14:54:50,279 INFO o.a.j.JMeter: Loaded icon properties from org/apache/jmeter/images/icon.properties
2025-01-14 14:54:50,698 INFO o.a.j.JMeterGuiLauncher: Setting LAF to: com.github.weisj.darklaf.DarkLaf:com.github.weisj.darklaf.theme.IntelliJTheme
2025-01-14 14:54:52,357 INFO o.a.j.r.ClassFinder: Will scan jar /opt/jmeter/lib/ext/jmeter-plugins-wsc-0.7.jar with filter ExtendsClassFilter [parents=[interface org.apache.jmeter.gui.action.Command], inner=false, contains=null, notContains=null]. Consider exposing JMeter plugins via META-INF/services, and add JMeter-Skip-Class-Scanning=true manifest attribute so JMeter can skip classfile scanning
2025-01-14 14:54:52,361 INFO o.a.j.r.ClassFinder: Will scan jar /opt/jmeter/lib/ext/jmeter-plugins-autostop-0.2.jar with filter ExtendsClassFilter [parents=[interface org.apache.jmeter.gui.action.Command], inner=false, contains=null, notContains=null]. Consider exposing JMeter plugins via META-INF/services, and add JMeter-Skip-Class-Scanning=true manifest attribute so JMeter can skip classfile scanning
2025-01-14 14:54:52,363 INFO o.a.j.r.ClassFinder: Will scan jar /opt/jmeter/lib/ext/jmeter-plugins-graphs-dist-2.0.jar with filter ExtendsClassFilter [parents=[interface org.apache.jmeter.gui.action.Command], inner=false, contains=null, notContains=null]. Consider exposing JMeter plugins via META-INF/services, and add JMeter-Skip-Class-Scanning=true manifest attribute so JMeter can skip classfile scanning
2025-01-14 14:54:52,368 INFO o.a.j.r.ClassFinder: Will scan jar /opt/jmeter/lib/ext/jmeter-plugins-manager-1.10.jar with filter ExtendsClassFilter [parents=[interface org.apache.jmeter.gui.action.Command], inner=false, contains=null, notContains=null]. Consider exposing JMeter plugins via META-INF/services, and add JMeter-Skip-Class-Scanning=true manifest attribute so JMeter can skip classfile scanning
2025-01-14 14:54:52,469 INFO o.a.j.r.ClassFinder: Will scan jar /opt/jmeter/lib/ext/jmeter-plugins-casutg-2.10.jar with filter ExtendsClassFilter [parents=[interface org.apache.jmeter.gui.action.Command], inner=false, contains=null, notContains=null]. Consider exposing JMeter plugins via META-INF/services, and add JMeter-Skip-Class-Scanning=true manifest attribute so JMeter can skip classfile scanning
2025-01-14 14:54:52,483 INFO o.a.j.r.ClassFinder: Will scan jar /opt/jmeter/lib/ext/jmeter-plugins-graphs-additional-2.0.jar with filter ExtendsClassFilter [parents=[interface org.apache.jmeter.gui.action.Command], inner=false, contains=null, notContains=null]. Consider exposing JMeter plugins via META-INF/services, and add JMeter-Skip-Class-Scanning=true manifest attribute so JMeter can skip classfile scanning
2025-01-14 14:54:52,491 INFO o.a.j.r.ClassFinder: Will scan jar /opt/jmeter/lib/ext/jmeter-plugins-graphs-basic-2.0.jar with filter ExtendsClassFilter [parents=[interface org.apache.jmeter.gui.action.Command], inner=false, contains=null, notContains=null]. Consider exposing JMeter plugins via META-INF/services, and add JMeter-Skip-Class-Scanning=true manifest attribute so JMeter can skip classfile scanning
2025-01-14 14:54:52,494 INFO o.a.j.r.ClassFinder: Will scan jar /opt/jmeter/lib/ext/jmeter-plugins-graphs-vs-2.0.jar with filter ExtendsClassFilter [parents=[interface org.apache.jmeter.gui.action.Command], inner=false, contains=null, notContains=null]. Consider exposing JMeter plugins via META-INF/services, and add JMeter-Skip-Class-Scanning=true manifest attribute so JMeter can skip classfile scanning
2025-01-14 14:54:52,498 INFO o.a.j.r.ClassFinder: Will scan jar /opt/jmeter/lib/ext/jmeter-plugins-ffw-2.0.jar with filter ExtendsClassFilter [parents=[interface org.apache.jmeter.gui.action.Command], inner=false, contains=null, notContains=null]. Consider exposing JMeter plugins via META-INF/services, and add JMeter-Skip-Class-Scanning=true manifest attribute so JMeter can skip classfile scanning
2025-01-14 14:54:52,499 INFO o.a.j.r.ClassFinder: Will scan jar /opt/jmeter/lib/ext/jmeter-plugins-random-csv-data-set-0.8.jar with filter ExtendsClassFilter [parents=[interface org.apache.jmeter.gui.action.Command], inner=false, contains=null, notContains=null]. Consider exposing JMeter plugins via META-INF/services, and add JMeter-Skip-Class-Scanning=true manifest attribute so JMeter can skip classfile scanning
2025-01-14 14:54:52,576 INFO o.a.j.r.ClassFinder: Will scan jar /opt/jmeter/lib/ext/jmeter-plugins-wsc-0.7.jar with filter ExtendsClassFilter [parents=[interface org.apache.jmeter.gui.plugin.MenuCreator], inner=false, contains=null, notContains=null]. Consider exposing JMeter plugins via META-INF/services, and add JMeter-Skip-Class-Scanning=true manifest attribute so JMeter can skip classfile scanning
2025-01-14 14:54:52,577 INFO o.a.j.r.ClassFinder: Will scan jar /opt/jmeter/lib/ext/jmeter-plugins-autostop-0.2.jar with filter ExtendsClassFilter [parents=[interface org.apache.jmeter.gui.plugin.MenuCreator], inner=false, contains=null, notContains=null]. Consider exposing JMeter plugins via META-INF/services, and add JMeter-Skip-Class-Scanning=true manifest attribute so JMeter can skip classfile scanning
2025-01-14 14:54:52,577 INFO o.a.j.r.ClassFinder: Will scan jar /opt/jmeter/lib/ext/jmeter-plugins-graphs-dist-2.0.jar with filter ExtendsClassFilter [parents=[interface org.apache.jmeter.gui.plugin.MenuCreator], inner=false, contains=null, notContains=null]. Consider exposing JMeter plugins via META-INF/services, and add JMeter-Skip-Class-Scanning=true manifest attribute so JMeter can skip classfile scanning
2025-01-14 14:54:52,578 INFO o.a.j.r.ClassFinder: Will scan jar /opt/jmeter/lib/ext/jmeter-plugins-manager-1.10.jar with filter ExtendsClassFilter [parents=[interface org.apache.jmeter.gui.plugin.MenuCreator], inner=false, contains=null, notContains=null]. Consider exposing JMeter plugins via META-INF/services, and add JMeter-Skip-Class-Scanning=true manifest attribute so JMeter can skip classfile scanning
2025-01-14 14:54:52,580 INFO o.a.j.r.ClassFinder: Will scan jar /opt/jmeter/lib/ext/jmeter-plugins-casutg-2.10.jar with filter ExtendsClassFilter [parents=[interface org.apache.jmeter.gui.plugin.MenuCreator], inner=false, contains=null, notContains=null]. Consider exposing JMeter plugins via META-INF/services, and add JMeter-Skip-Class-Scanning=true manifest attribute so JMeter can skip classfile scanning
2025-01-14 14:54:52,582 INFO o.a.j.r.ClassFinder: Will scan jar /opt/jmeter/lib/ext/jmeter-plugins-graphs-additional-2.0.jar with filter ExtendsClassFilter [parents=[interface org.apache.jmeter.gui.plugin.MenuCreator], inner=false, contains=null, notContains=null]. Consider exposing JMeter plugins via META-INF/services, and add JMeter-Skip-Class-Scanning=true manifest attribute so JMeter can skip classfile scanning
2025-01-14 14:54:52,582 INFO o.a.j.r.ClassFinder: Will scan jar /opt/jmeter/lib/ext/jmeter-plugins-graphs-basic-2.0.jar with filter ExtendsClassFilter [parents=[interface org.apache.jmeter.gui.plugin.MenuCreator], inner=false, contains=null, notContains=null]. Consider exposing JMeter plugins via META-INF/services, and add JMeter-Skip-Class-Scanning=true manifest attribute so JMeter can skip classfile scanning
2025-01-14 14:54:52,583 INFO o.a.j.r.ClassFinder: Will scan jar /opt/jmeter/lib/ext/jmeter-plugins-graphs-vs-2.0.jar with filter ExtendsClassFilter [parents=[interface org.apache.jmeter.gui.plugin.MenuCreator], inner=false, contains=null, notContains=null]. Consider exposing JMeter plugins via META-INF/services, and add JMeter-Skip-Class-Scanning=true manifest attribute so JMeter can skip classfile scanning
2025-01-14 14:54:52,583 INFO o.a.j.r.ClassFinder: Will scan jar /opt/jmeter/lib/ext/jmeter-plugins-ffw-2.0.jar with filter ExtendsClassFilter [parents=[interface org.apache.jmeter.gui.plugin.MenuCreator], inner=false, contains=null, notContains=null]. Consider exposing JMeter plugins via META-INF/services, and add JMeter-Skip-Class-Scanning=true manifest attribute so JMeter can skip classfile scanning
2025-01-14 14:54:52,584 INFO o.a.j.r.ClassFinder: Will scan jar /opt/jmeter/lib/ext/jmeter-plugins-random-csv-data-set-0.8.jar with filter ExtendsClassFilter [parents=[interface org.apache.jmeter.gui.plugin.MenuCreator], inner=false, contains=null, notContains=null]. Consider exposing JMeter plugins via META-INF/services, and add JMeter-Skip-Class-Scanning=true manifest attribute so JMeter can skip classfile scanning
2025-01-14 14:54:52,668 INFO o.j.r.JARSourceHTTP: Requesting https://jmeter-plugins.org/repo/?installID=linux-38fc9934f72d8bdf3fdb52a76337f42d-gui
2025-01-14 14:55:00,045 INFO o.j.r.PluginManager: Plugins Status: [jpgc-graphs-basic=2.0, jpgc-graphs-additional=2.0, jpgc-autostop=0.2, jpgc-casutg=2.10, jpgc-graphs-dist=2.0, jpgc-ffw=2.0, jpgc-graphs-vs=2.0, jpgc-plugins-manager=1.10, bzm-random-csv=0.8, jpgc-wsc=0.7, jmeter-core=5.6.3, jmeter-ftp=5.6.3, jmeter-http=5.6.3, jmeter-jdbc=5.6.3, jmeter-jms=5.6.3, jmeter-junit=5.6.3, jmeter-java=5.6.3, jmeter-ldap=5.6.3, jmeter-mail=5.6.3, jmeter-mongodb=5.6.3, jmeter-native=5.6.3, jmeter-tcp=5.6.3, jmeter-components=5.6.3]
